[    0.000000] Linux version 6.3.0-thor_kernel (root@jng) (gcc (GCC) 12.2.0, GNU ld (GNU Binutils) 2.40) #1 SMP PREEMPT_DYNAMIC Sun Apr 30 11:42:01 +08 2023
[    0.000000] Command line: BOOT_IMAGE=/bzImage root=/dev/sda2 ro
[    0.000000] [Firmware Bug]: TSC doesn't count with P0 frequency!
[    0.000000] x86/fpu: x87 FPU will use FXSAVE
[    0.000000] signal: max sigframe size: 1440
[    0.000000] BIOS-provided physical RAM map:
[    0.000000] BIOS-e820: [mem 0x0000000000000000-0x000000000009fbff] usable
[    0.000000] BIOS-e820: [mem 0x000000000009fc00-0x000000000009ffff] reserved
[    0.000000] BIOS-e820: [mem 0x00000000000f0000-0x00000000000fffff] reserved
[    0.000000] BIOS-e820: [mem 0x0000000000100000-0x00000000dffeffff] usable
[    0.000000] BIOS-e820: [mem 0x00000000dfff0000-0x00000000dfffffff] ACPI data
[    0.000000] BIOS-e820: [mem 0x00000000fec00000-0x00000000fec00fff] reserved
[    0.000000] BIOS-e820: [mem 0x00000000fee00000-0x00000000fee00fff] reserved
[    0.000000] BIOS-e820: [mem 0x00000000fffc0000-0x00000000ffffffff] reserved
[    0.000000] BIOS-e820: [mem 0x0000000100000000-0x000000011cffffff] usable
[    0.000000] NX (Execute Disable) protection: active
[    0.000000] SMBIOS 2.5 present.
[    0.000000] DMI: innotek GmbH VirtualBox/VirtualBox, BIOS VirtualBox 12/01/2006
[    0.000000] Hypervisor detected: KVM
[    0.000000] kvm-clock: Using msrs 4b564d01 and 4b564d00
[    0.000001] kvm-clock: using sched offset of 9314430935 cycles
[    0.000003] clocksource: kvm-clock: mask: 0xffffffffffffffff max_cycles: 0x1cd42e4dffb, max_idle_ns: 881590591483 ns
[    0.000006] tsc: Detected 2095.992 MHz processor
[    0.001000] e820: update [mem 0x00000000-0x00000fff] usable ==> reserved
[    0.001000] e820: remove [mem 0x000a0000-0x000fffff] usable
[    0.001000] last_pfn = 0x11d000 max_arch_pfn = 0x400000000
[    0.001000] MTRRs disabled by BIOS
[    0.001000] x86/PAT: Configuration [0-7]: WB  WC  UC- UC  WB  WP  UC- WT
[    0.001000] last_pfn = 0xdfff0 max_arch_pfn = 0x400000000
[    0.001000] found SMP MP-table at [mem 0x0009fff0-0x0009ffff]
[    0.001000] ACPI: Early table checksum verification disabled
[    0.001000] ACPI: RSDP 0x00000000000E0000 000024 (v02 VBOX  )
[    0.001000] ACPI: XSDT 0x00000000DFFF0030 00003C (v01 VBOX   VBOXXSDT 00000001 ASL  00000061)
[    0.001000] ACPI: FACP 0x00000000DFFF00F0 0000F4 (v04 VBOX   VBOXFACP 00000001 ASL  00000061)
[    0.001000] ACPI: DSDT 0x00000000DFFF0620 002353 (v02 VBOX   VBOXBIOS 00000002 INTL 20100528)
[    0.001000] ACPI: FACS 0x00000000DFFF0200 000040
[    0.001000] ACPI: FACS 0x00000000DFFF0200 000040
[    0.001000] ACPI: APIC 0x00000000DFFF0240 00006C (v02 VBOX   VBOXAPIC 00000001 ASL  00000061)
[    0.001000] ACPI: SSDT 0x00000000DFFF02B0 00036C (v01 VBOX   VBOXCPUT 00000002 INTL 20100528)
[    0.001000] ACPI: Reserving FACP table memory at [mem 0xdfff00f0-0xdfff01e3]
[    0.001000] ACPI: Reserving DSDT table memory at [mem 0xdfff0620-0xdfff2972]
[    0.001000] ACPI: Reserving FACS table memory at [mem 0xdfff0200-0xdfff023f]
[    0.001000] ACPI: Reserving FACS table memory at [mem 0xdfff0200-0xdfff023f]
[    0.001000] ACPI: Reserving APIC table memory at [mem 0xdfff0240-0xdfff02ab]
[    0.001000] ACPI: Reserving SSDT table memory at [mem 0xdfff02b0-0xdfff061b]
[    0.001000] No NUMA configuration found
[    0.001000] Faking a node at [mem 0x0000000000000000-0x000000011cffffff]
[    0.001000] NODE_DATA(0) allocated [mem 0x11cffa000-0x11cffdfff]
[    0.001000] Zone ranges:
[    0.001000]   DMA      [mem 0x0000000000001000-0x0000000000ffffff]
[    0.001000]   DMA32    [mem 0x0000000001000000-0x00000000ffffffff]
[    0.001000]   Normal   [mem 0x0000000100000000-0x000000011cffffff]
[    0.001000] Movable zone start for each node
[    0.001000] Early memory node ranges
[    0.001000]   node   0: [mem 0x0000000000001000-0x000000000009efff]
[    0.001000]   node   0: [mem 0x0000000000100000-0x00000000dffeffff]
[    0.001000]   node   0: [mem 0x0000000100000000-0x000000011cffffff]
[    0.001000] Initmem setup node 0 [mem 0x0000000000001000-0x000000011cffffff]
[    0.001000] On node 0, zone DMA: 1 pages in unavailable ranges
[    0.001000] On node 0, zone DMA: 97 pages in unavailable ranges
[    0.001000] On node 0, zone Normal: 16 pages in unavailable ranges
[    0.001000] On node 0, zone Normal: 12288 pages in unavailable ranges
[    0.001000] ACPI: PM-Timer IO Port: 0x4008
[    0.001000] IOAPIC[0]: apic_id 4, version 32, address 0xfec00000, GSI 0-23
[    0.001000] ACPI: INT_SRC_OVR (bus 0 bus_irq 0 global_irq 2 dfl dfl)
[    0.001000] ACPI: INT_SRC_OVR (bus 0 bus_irq 9 global_irq 9 low level)
[    0.001000] ACPI: Using ACPI (MADT) for SMP configuration information
[    0.001000] smpboot: Allowing 4 CPUs, 0 hotplug CPUs
[    0.001000] PM: hibernation: Registered nosave memory: [mem 0x00000000-0x00000fff]
[    0.001000] PM: hibernation: Registered nosave memory: [mem 0x0009f000-0x0009ffff]
[    0.001000] PM: hibernation: Registered nosave memory: [mem 0x000a0000-0x000effff]
[    0.001000] PM: hibernation: Registered nosave memory: [mem 0x000f0000-0x000fffff]
[    0.001000] PM: hibernation: Registered nosave memory: [mem 0xdfff0000-0xdfffffff]
[    0.001000] PM: hibernation: Registered nosave memory: [mem 0xe0000000-0xfebfffff]
[    0.001000] PM: hibernation: Registered nosave memory: [mem 0xfec00000-0xfec00fff]
[    0.001000] PM: hibernation: Registered nosave memory: [mem 0xfec01000-0xfedfffff]
[    0.001000] PM: hibernation: Registered nosave memory: [mem 0xfee00000-0xfee00fff]
[    0.001000] PM: hibernation: Registered nosave memory: [mem 0xfee01000-0xfffbffff]
[    0.001000] PM: hibernation: Registered nosave memory: [mem 0xfffc0000-0xffffffff]
[    0.001000] [mem 0xe0000000-0xfebfffff] available for PCI devices
[    0.001000] Booting paravirtualized kernel on KVM
[    0.001000] clocksource: refined-jiffies: mask: 0xffffffff max_cycles: 0xffffffff, max_idle_ns: 1910969940391419 ns
[    0.001000] setup_percpu: NR_CPUS:64 nr_cpumask_bits:4 nr_cpu_ids:4 nr_node_ids:1
[    0.001000] percpu: Embedded 54 pages/cpu s182248 r8192 d30744 u524288
[    0.001000] pcpu-alloc: s182248 r8192 d30744 u524288 alloc=1*2097152
[    0.001000] pcpu-alloc: [0] 0 1 2 3
[    0.001000] Fallback order for Node 0: 0
[    0.001000] Built 1 zonelists, mobility grouping on.  Total pages: 1019824
[    0.001000] Policy zone: Normal
[    0.001000] Kernel command line: BOOT_IMAGE=/bzImage root=/dev/sda2 ro
[    0.001000] Unknown kernel command line parameters "BOOT_IMAGE=/bzImage", will be passed to user space.
[    0.001000] random: crng init done
[    0.001000] Dentry cache hash table entries: 524288 (order: 10, 4194304 bytes, linear)
[    0.001000] Inode-cache hash table entries: 262144 (order: 9, 2097152 bytes, linear)
[    0.001000] mem auto-init: stack:all(zero), heap alloc:off, heap free:off
[    0.001000] software IO TLB: area num 4.
[    0.001000] Memory: 3965880K/4144696K available (18432K kernel code, 2717K rwdata, 6264K rodata, 2572K init, 1696K bss, 178556K reserved, 0K cma-reserved)
[    0.001000] SLUB: HWalign=64, Order=0-3, MinObjects=0, CPUs=4, Nodes=1
[    0.001000] Dynamic Preempt: voluntary
[    0.001000] rcu: Preemptible hierarchical RCU implementation.
[    0.001000] rcu:     RCU event tracing is enabled.
[    0.001000] rcu:     RCU restricting CPUs from NR_CPUS=64 to nr_cpu_ids=4.
[    0.001000]  Trampoline variant of Tasks RCU enabled.
[    0.001000] rcu: RCU calculated value of scheduler-enlistment delay is 100 jiffies.
[    0.001000] rcu: Adjusting geometry for rcu_fanout_leaf=16, nr_cpu_ids=4
[    0.001000] NR_IRQS: 4352, nr_irqs: 456, preallocated irqs: 16
[    0.001000] rcu: srcu_init: Setting srcu_struct sizes based on contention.
[    0.001000] Console: colour VGA+ 80x25
[    0.001000] printk: console [tty0] enabled
[    0.001000] ACPI: Core revision 20221020
[    0.001000] APIC: Switch to symmetric I/O mode setup
[    0.001000] ..TIMER: vector=0x30 apic1=0 pin1=2 apic2=-1 pin2=-1
[    0.001000] clocksource: tsc-early: mask: 0xffffffffffffffff max_cycles: 0x1e36668feb2, max_idle_ns: 440795310268 ns
[    1.010146] Calibrating delay loop (skipped) preset value.. 4191.98 BogoMIPS (lpj=2095992)
[    1.011141] pid_max: default: 32768 minimum: 301
[    1.011141] LSM: initializing lsm=capability,integrity,selinux
[    1.011159] SELinux:  Initializing.
[    1.012525] Mount-cache hash table entries: 8192 (order: 4, 65536 bytes, linear)
[    1.013438] Mountpoint-cache hash table entries: 8192 (order: 4, 65536 bytes, linear)
[    1.016992] Last level iTLB entries: 4KB 1024, 2MB 1024, 4MB 512
[    1.017144] Last level dTLB entries: 4KB 2048, 2MB 2048, 4MB 1024, 1GB 0
[    1.018157] Spectre V1 : Mitigation: usercopy/swapgs barriers and __user pointer sanitization
[    1.019144] Spectre V2 : Mitigation: Retpolines
[    1.020143] Spectre V2 : Spectre v2 / SpectreRSB mitigation: Filling RSB on context switch
[    1.021143] Spectre V2 : Spectre v2 / SpectreRSB : Filling RSB on VMEXIT
[    1.022144] RETBleed: Mitigation: untrained return thunk
[    1.034637] Freeing SMP alternatives memory: 48K
[    1.147573] APIC calibration not consistent with PM-Timer: 135ms instead of 100ms
[    1.148141] APIC delta adjusted to PM-Timer: 6284336 (8530362)
[    1.148512] smpboot: CPU0: AMD Ryzen 5 5500U with Radeon Graphics (family: 0x17, model: 0x68, stepping: 0x1)
[    1.150706] cblist_init_generic: Setting adjustable number of callback queues.
[    1.151144] cblist_init_generic: Setting shift to 2 and lim to 1.
[    1.152257] Performance Events: PMU not available due to virtualization, using software events only.
[    1.153254] rcu: Hierarchical SRCU implementation.
[    1.154143] rcu:     Max phase no-delay instances is 400.
[    1.157032] smp: Bringing up secondary CPUs ...
[    1.158397] x86: Booting SMP configuration:
[    1.159143] .... node  #0, CPUs:      #1
[    1.164141] TSC synchronization [CPU#0 -> CPU#1]:
[    1.164141] Measured 115961 cycles TSC warp between CPUs, turning off TSC clock.
[    1.164141] tsc: Marking TSC unstable due to check_tsc_sync_source failed
[    1.165997]  #2 #3
[    1.181621] smp: Brought up 1 node, 4 CPUs
[    1.183141] smpboot: Max logical packages: 1
[    1.183143] smpboot: Total of 4 processors activated (16767.93 BogoMIPS)
[    1.185576] devtmpfs: initialized
[    1.187141] clocksource: jiffies: mask: 0xffffffff max_cycles: 0xffffffff, max_idle_ns: 1911260446275000 ns
[    1.187146] futex hash table entries: 1024 (order: 4, 65536 bytes, linear)
[    1.189148] PM: RTC time: 04:38:25, date: 2023-04-30
[    1.191653] NET: Registered PF_NETLINK/PF_ROUTE protocol family
[    1.192301] audit: initializing netlink subsys (disabled)
[    1.196289] thermal_sys: Registered thermal governor 'step_wise'
[    1.196290] thermal_sys: Registered thermal governor 'user_space'
[    1.196149] audit: type=2000 audit(1682829516.238:1): state=initialized audit_enabled=0 res=1
[    1.209188] cpuidle: using governor menu
[    1.212634] PCI: Using configuration type 1 for base access
[    1.213146] PCI: Using configuration type 1 for extended access
[    1.214510] kprobes: kprobe jump-optimization is enabled. All kprobes are optimized if possible.
[    1.218116] HugeTLB: registered 2.00 MiB page size, pre-allocated 0 pages
[    1.219144] HugeTLB: 28 KiB vmemmap can be freed for a 2.00 MiB page
[    1.226581] ACPI: Added _OSI(Module Device)
[    1.227145] ACPI: Added _OSI(Processor Device)
[    1.228144] ACPI: Added _OSI(3.0 _SCP Extensions)
[    1.230145] ACPI: Added _OSI(Processor Aggregator Device)
[    1.233141] ACPI: 2 ACPI AML tables successfully acquired and loaded
[    1.262791] ACPI: Interpreter enabled
[    1.266157] ACPI: PM: (supports S0 S5)
[    1.272144] ACPI: Using IOAPIC for interrupt routing
[    1.278609] PCI: Using host bridge windows from ACPI; if necessary, use "pci=nocrs" and report a bug
[    1.296145] PCI: Using E820 reservations for host bridge windows
[    1.301350] ACPI: Enabled 2 GPEs in block 00 to 07
[    1.322709] ACPI: PCI Root Bridge [PCI0] (domain 0000 [bus 00-ff])
[    1.329150] acpi PNP0A03:00: _OSC: OS supports [ExtendedConfig ASPM ClockPM Segments MSI HPX-Type3]
[    1.339544] acpi PNP0A03:00: _OSC: platform does not support [PCIeCapability LTR]
[    1.348533] acpi PNP0A03:00: _OSC: not requesting control; platform does not support [PCIeCapability]
[    1.356145] acpi PNP0A03:00: _OSC: OS requested [PME PCIeCapability LTR]
[    1.360145] acpi PNP0A03:00: _OSC: platform willing to grant [PME]
[    1.366144] acpi PNP0A03:00: _OSC: platform retains control of PCIe features (AE_SUPPORT)
[    1.376324] PCI host bridge to bus 0000:00
[    1.380145] pci_bus 0000:00: root bus resource [io  0x0000-0x0cf7 window]
[    1.400148] pci_bus 0000:00: root bus resource [io  0x0d00-0xffff window]
[    1.406150] pci_bus 0000:00: root bus resource [mem 0x000a0000-0x000bffff window]
[    1.413145] pci_bus 0000:00: root bus resource [mem 0xe0000000-0xfdffffff window]
[    1.421150] pci_bus 0000:00: root bus resource [bus 00-ff]
[    1.431146] pci 0000:00:00.0: [8086:1237] type 00 class 0x060000
[    1.441218] pci 0000:00:01.0: [8086:7000] type 00 class 0x060100
[    1.457190] pci 0000:00:01.1: [8086:7111] type 00 class 0x01018a
[    1.464623] pci 0000:00:01.1: reg 0x20: [io  0xd000-0xd00f]
[    1.473384] pci 0000:00:01.1: legacy IDE quirk: reg 0x10: [io  0x01f0-0x01f7]
[    1.482149] pci 0000:00:01.1: legacy IDE quirk: reg 0x14: [io  0x03f6]
[    1.488145] pci 0000:00:01.1: legacy IDE quirk: reg 0x18: [io  0x0170-0x0177]
[    1.497149] pci 0000:00:01.1: legacy IDE quirk: reg 0x1c: [io  0x0376]
[    1.504577] pci 0000:00:02.0: [15ad:0405] type 00 class 0x030000
[    1.511592] pci 0000:00:02.0: reg 0x10: [io  0xd010-0xd01f]
[    1.518681] pci 0000:00:02.0: reg 0x14: [mem 0xe0000000-0xe0ffffff pref]
[    1.527141] pci 0000:00:02.0: reg 0x18: [mem 0xf0000000-0xf01fffff]
[    1.539218] pci 0000:00:02.0: Video device with shadowed ROM at [mem 0x000c0000-0x000dffff]
[    1.551215] pci 0000:00:03.0: [8086:100e] type 00 class 0x020000
[    1.557535] pci 0000:00:03.0: reg 0x10: [mem 0xf0200000-0xf021ffff]
[    1.566145] pci 0000:00:03.0: reg 0x18: [io  0xd020-0xd027]
[    1.576605] pci 0000:00:04.0: [80ee:cafe] type 00 class 0x088000
[    1.583385] pci 0000:00:04.0: reg 0x10: [io  0xd040-0xd05f]
[    1.590147] pci 0000:00:04.0: reg 0x14: [mem 0xf0400000-0xf07fffff]
[    1.599698] pci 0000:00:04.0: reg 0x18: [mem 0xf0800000-0xf0803fff pref]
[    1.612510] pci 0000:00:05.0: [8086:2415] type 00 class 0x040100
[    1.621217] pci 0000:00:05.0: reg 0x10: [io  0xd100-0xd1ff]
[    1.626418] pci 0000:00:05.0: reg 0x14: [io  0xd200-0xd23f]
[    1.635289] pci 0000:00:06.0: [106b:003f] type 00 class 0x0c0310
[    1.641590] pci 0000:00:06.0: reg 0x10: [mem 0xf0804000-0xf0804fff]
[    1.654713] pci 0000:00:07.0: [8086:7113] type 00 class 0x068000
[    1.669836] pci 0000:00:07.0: quirk: [io  0x4000-0x403f] claimed by PIIX4 ACPI
[    1.675211] pci 0000:00:07.0: quirk: [io  0x4100-0x410f] claimed by PIIX4 SMB
[    1.683144] pci 0000:00:07.0: quirk_piix4_acpi+0x0/0x180 took 13671 usecs
[    1.692145] pci 0000:00:0b.0: [8086:265c] type 00 class 0x0c0320
[    1.698372] pci 0000:00:0b.0: reg 0x10: [mem 0xf0805000-0xf0805fff]
[    1.710421] pci 0000:00:0d.0: [8086:2829] type 00 class 0x010601
[    1.717365] pci 0000:00:0d.0: reg 0x10: [io  0xd240-0xd247]
[    1.723480] pci 0000:00:0d.0: reg 0x14: [io  0xd248-0xd24b]
[    1.729364] pci 0000:00:0d.0: reg 0x18: [io  0xd250-0xd257]
[    1.734456] pci 0000:00:0d.0: reg 0x1c: [io  0xd258-0xd25b]
[    1.740365] pci 0000:00:0d.0: reg 0x20: [io  0xd260-0xd26f]
[    1.754369] pci 0000:00:0d.0: reg 0x24: [mem 0xf0806000-0xf0807fff]
[    1.768160] ACPI: PCI: Interrupt link LNKA configured for IRQ 11
[    1.773618] ACPI: PCI: Interrupt link LNKB configured for IRQ 10
[    1.780444] ACPI: PCI: Interrupt link LNKC configured for IRQ 9
[    1.787272] ACPI: PCI: Interrupt link LNKD configured for IRQ 11
[    1.793630] iommu: Default domain type: Translated
[    1.798144] iommu: DMA domain TLB invalidation policy: lazy mode
[    1.805440] SCSI subsystem initialized
[    1.811299] libata version 3.00 loaded.
[    1.811403] ACPI: bus type USB registered
[    1.816157] usbcore: registered new interface driver usbfs
[    1.821151] usbcore: registered new interface driver hub
[    1.828233] usbcore: registered new device driver usb
[    1.833201] pps_core: LinuxPPS API ver. 1 registered
[    1.837145] pps_core: Software ver. 5.3.6 - Copyright 2005-2007 Rodolfo Giometti <giometti@linux.it>
[    1.845155] PTP clock support registered
[    1.851182] Advanced Linux Sound Architecture Driver Initialized.
[    1.857627] NetLabel: Initializing
[    1.862146] NetLabel:  domain hash size = 128
[    1.867144] NetLabel:  protocols = UNLABELED CIPSOv4 CALIPSO
[    1.873343] NetLabel:  unlabeled traffic allowed by default
[    1.880174] PCI: Using ACPI for IRQ routing
[    1.884145] PCI: pci_cache_line_size set to 64 bytes
[    1.885213] e820: reserve RAM buffer [mem 0x0009fc00-0x0009ffff]
[    1.885217] e820: reserve RAM buffer [mem 0xdfff0000-0xdfffffff]
[    1.885217] e820: reserve RAM buffer [mem 0x11d000000-0x11fffffff]
[    1.885347] pci 0000:00:02.0: vgaarb: setting as boot VGA device
[    1.886141] pci 0000:00:02.0: vgaarb: bridge control possible
[    1.886141] pci 0000:00:02.0: vgaarb: VGA device added: decodes=io+mem,owns=io+mem,locks=none
[    1.911149] vgaarb: loaded
[    1.914770] clocksource: Switched to clocksource kvm-clock
[    1.948996] VFS: Disk quotas dquot_6.6.0
[    1.951474] VFS: Dquot-cache hash table entries: 512 (order 0, 4096 bytes)
[    1.955800] pnp: PnP ACPI init
[    1.959784] pnp: PnP ACPI: found 2 devices
[    2.065350] clocksource: acpi_pm: mask: 0xffffff max_cycles: 0xffffff, max_idle_ns: 2085701024 ns
[    2.069802] NET: Registered PF_INET protocol family
[    2.073452] IP idents hash table entries: 65536 (order: 7, 524288 bytes, linear)
[    2.080635] tcp_listen_portaddr_hash hash table entries: 2048 (order: 3, 32768 bytes, linear)
[    2.086074] Table-perturb hash table entries: 65536 (order: 6, 262144 bytes, linear)
[    2.090183] TCP established hash table entries: 32768 (order: 6, 262144 bytes, linear)
[    2.094994] TCP bind hash table entries: 32768 (order: 8, 1048576 bytes, linear)
[    2.100286] TCP: Hash tables configured (established 32768 bind 32768)
[    2.107978] UDP hash table entries: 2048 (order: 4, 65536 bytes, linear)
[    2.111636] UDP-Lite hash table entries: 2048 (order: 4, 65536 bytes, linear)
[    2.116094] NET: Registered PF_UNIX/PF_LOCAL protocol family
[    2.126143] RPC: Registered named UNIX socket transport module.
[    2.129651] RPC: Registered udp transport module.
[    2.132217] RPC: Registered tcp transport module.
[    2.134844] RPC: Registered tcp NFSv4.1 backchannel transport module.
[    2.141064] pci_bus 0000:00: resource 4 [io  0x0000-0x0cf7 window]
[    2.144304] pci_bus 0000:00: resource 5 [io  0x0d00-0xffff window]
[    2.147380] pci_bus 0000:00: resource 6 [mem 0x000a0000-0x000bffff window]
[    2.150703] pci_bus 0000:00: resource 7 [mem 0xe0000000-0xfdffffff window]
[    2.154325] pci 0000:00:00.0: Limiting direct PCI/PCI transfers
[    2.164596] PCI: CLS 0 bytes, default 64
[    2.167112] PCI-DMA: Using software bounce buffering for IO (SWIOTLB)
[    2.170460] software IO TLB: mapped [mem 0x00000000dbff0000-0x00000000dfff0000] (64MB)
[    2.174670] platform rtc_cmos: registered platform RTC device (no PNP device found)
[    2.200963] Initialise system trusted keyrings
[    2.206888] workingset: timestamp_bits=56 max_order=20 bucket_order=0
[    2.213786] NFS: Registering the id_resolver key type
[    2.216606] Key type id_resolver registered
[    2.219345] Key type id_legacy registered
[    2.223122] 9p: Installing v9fs 9p2000 file system support
[    2.235205] Key type asymmetric registered
[    2.240209] Asymmetric key parser 'x509' registered
[    2.242926] Block layer SCSI generic (bsg) driver version 0.4 loaded (major 251)
[    2.246622] io scheduler mq-deadline registered
[    2.249237] io scheduler kyber registered
[    2.257451] ACPI: AC: AC Adapter [AC] (on-line)
[    2.260455] input: Power Button as /devices/LNXSYSTM:00/LNXPWRBN:00/input/input0
[    2.266876] ACPI: button: Power Button [PWRF]
[    2.269672] input: Sleep Button as /devices/LNXSYSTM:00/LNXSLPBN:00/input/input1
[    2.273347] ACPI: button: Sleep Button [SLPF]
[    2.275849] ACPI: video: Video Device [GFX0] (multi-head: yes  rom: no  post: no)
[    2.279199] input: Video Bus as /devices/LNXSYSTM:00/LNXSYBUS:00/PNP0A03:00/LNXVIDEO:00/input/input2
[    2.293582] Serial: 8250/16550 driver, 4 ports, IRQ sharing enabled
[    2.294782] ACPI: battery: Slot [BAT0] (battery present)
[    2.311995] Non-volatile memory driver v1.3
[    2.314072] Linux agpgart interface v0.103
[    2.316142] ACPI: bus type drm_connector registered
[    2.345001] loop: module loaded
[    2.345509] ahci 0000:00:0d.0: version 3.0
[    2.345509] ahci 0000:00:0d.0: SSS flag set, parallel bus scan disabled
[    2.345509] ahci 0000:00:0d.0: AHCI 0001.0100 32 slots 1 ports 3 Gbps 0x1 impl SATA mode
[    2.345509] ahci 0000:00:0d.0: flags: 64bit ncq stag only ccc
[    2.370715] scsi host0: ahci
[    2.371320] ata1: SATA max UDMA/133 abar m8192@0xf0806000 port 0xf0806100 irq 21
[    2.371320] ata_piix 0000:00:01.1: version 2.13
[    2.387921] scsi host1: ata_piix
[    2.395186] scsi host2: ata_piix
[    2.397427] ata2: PATA max UDMA/33 cmd 0x1f0 ctl 0x3f6 bmdma 0xd000 irq 14
[    2.398184] ata3: PATA max UDMA/33 cmd 0x170 ctl 0x376 bmdma 0xd008 irq 15
[    2.406121] e100: Intel(R) PRO/100 Network Driver
[    2.415763] e100: Copyright(c) 1999-2006 Intel Corporation
[    2.421733] e1000: Intel(R) PRO/1000 Network Driver
[    2.422213] e1000: Copyright (c) 1999-2006 Intel Corporation.
[    2.698999] ata3.00: ATAPI: VBOX CD-ROM, 1.0, max UDMA/133
[    2.793111] ata1: SATA link up 3.0 Gbps (SStatus 123 SControl 300)
[    2.797345] ata1.00: ATA-6: VBOX HARDDISK, 1.0, max UDMA/133
[    2.805650] ata1.00: 125829120 sectors, multi 128: LBA48 NCQ (depth 32)
[    2.812821] ata1.00: configured for UDMA/133
[    2.818937] scsi 0:0:0:0: Direct-Access     ATA      VBOX HARDDISK    1.0  PQ: 0 ANSI: 5
[    2.834974] sd 0:0:0:0: [sda] 125829120 512-byte logical blocks: (64.4 GB/60.0 GiB)
[    2.841305] sd 0:0:0:0: Attached scsi generic sg0 type 0
[    2.848060] sd 0:0:0:0: [sda] Write Protect is off
[    2.848063] sd 0:0:0:0: [sda] Mode Sense: 00 3a 00 00
[    2.848072] sd 0:0:0:0: [sda] Write cache: enabled, read cache: enabled, doesn't support DPO or FUA
[    2.848083] sd 0:0:0:0: [sda] Preferred minimum I/O size 512 bytes
[    2.893123]  sda: sda1 sda2 sda3 < sda5 sda6 >
[    2.902676] scsi 2:0:0:0: CD-ROM            VBOX     CD-ROM           1.0  PQ: 0 ANSI: 5
[    2.943792] sd 0:0:0:0: [sda] Attached SCSI disk
[    3.013107] sr 2:0:0:0: [sr0] scsi3-mmc drive: 32x/32x xa/form2 tray
[    3.016052] cdrom: Uniform CD-ROM driver Revision: 3.20
[    3.117613] sr 2:0:0:0: Attached scsi CD-ROM sr0
[    3.119675] sr 2:0:0:0: Attached scsi generic sg1 type 5
[    3.452880] e1000 0000:00:03.0 eth0: (PCI:33MHz:32-bit) 08:00:27:b7:d6:b3
[    3.452880] e1000 0000:00:03.0 eth0: Intel(R) PRO/1000 Network Connection
[    3.452880] e1000e: Intel(R) PRO/1000 Network Driver
[    3.452880] e1000e: Copyright(c) 1999 - 2015 Intel Corporation.
[    3.452880] sky2: driver version 1.30
[    3.479545] ohci-pci 0000:00:06.0: OHCI PCI host controller
[    3.484382] ohci-pci 0000:00:06.0: new USB bus registered, assigned bus number 1
[    3.488592] ohci-pci 0000:00:06.0: irq 22, io mem 0xf0804000
[    3.545890] usb usb1: New USB device found, idVendor=1d6b, idProduct=0001, bcdDevice= 6.03
[    3.545890] usb usb1: New USB device strings: Mfr=3, Product=2, SerialNumber=1
[    3.545890] usb usb1: Product: OHCI PCI host controller
[    3.545890] usb usb1: Manufacturer: Linux 6.3.0-thor_kernel ohci_hcd
[    3.545890] usb usb1: SerialNumber: 0000:00:06.0
[    3.572206] hub 1-0:1.0: USB hub found
[    3.575305] hub 1-0:1.0: 12 ports detected
[    3.580197] usbcore: registered new interface driver usblp
[    3.580369] ehci-pci 0000:00:0b.0: EHCI Host Controller
[    3.583071] usbcore: registered new interface driver usb-storage
[    3.583125] i8042: PNP: PS/2 Controller [PNP0303:PS2K,PNP0f03:PS2M] at 0x60,0x64 irq 1,12
[    3.592491] serio: i8042 KBD port at 0x60,0x64 irq 1
[    3.596934] ehci-pci 0000:00:0b.0: new USB bus registered, assigned bus number 2
[    3.599364] serio: i8042 AUX port at 0x60,0x64 irq 12
[    3.603318] ehci-pci 0000:00:0b.0: irq 19, io mem 0xf0805000
[    3.657398] input: AT Translated Set 2 keyboard as /devices/platform/i8042/serio0/input/input3
[    3.658490] rtc_cmos rtc_cmos: registered as rtc0
[    3.659060] ehci-pci 0000:00:0b.0: USB 2.0 started, EHCI 1.00
[    3.659190] usb usb2: New USB device found, idVendor=1d6b, idProduct=0002, bcdDevice= 6.03
[    3.659196] usb usb2: New USB device strings: Mfr=3, Product=2, SerialNumber=1
[    3.659198] usb usb2: Product: EHCI Host Controller
[    3.659200] usb usb2: Manufacturer: Linux 6.3.0-thor_kernel ehci_hcd
[    3.659202] usb usb2: SerialNumber: 0000:00:0b.0
[    3.665374] hub 2-0:1.0: USB hub found
[    3.665382] hub 2-0:1.0: 12 ports detected
[    3.737898] rtc_cmos rtc_cmos: alarms up to one day, 114 bytes nvram
[    3.742973] fail to initialize ptp_kvm
[    3.746693] device-mapper: ioctl: 4.47.0-ioctl (2022-07-28) initialised: dm-devel@redhat.com
[    3.758104] hid: raw HID events driver (C) Jiri Kosina
[    3.761424] usbcore: registered new interface driver usbhid
[    3.766926] usbhid: USB HID core driver
[    3.793735] Initializing XFRM netlink socket
[    3.796452] NET: Registered PF_INET6 protocol family
[    3.812186] Segment Routing with IPv6
[    3.815950] In-situ OAM (IOAM) with IPv6
[    3.816792] sit: IPv6, IPv4 and MPLS over IPv4 tunneling driver
[    3.816792] NET: Registered PF_PACKET protocol family
[    3.816792] 9pnet: Installing 9P2000 support
[    3.816792] Key type dns_resolver registered
[    3.833785] IPI shorthand broadcast: enabled
[    3.834406] sched_clock: Marking stable (2824264656, 1009141600)->(3911342161, -77935905)
[    3.856459] registered taskstats version 1
[    3.858891] Loading compiled-in X.509 certificates
[    3.871435] PM:   Magic number: 3:246:617
[    3.875451] printk: console [netcon0] enabled
[    3.878001] netconsole: network logging started
[    3.881404] cfg80211: Loading compiled-in X.509 certificates for regulatory database
[    3.891889] kworker/u8:2 (69) used greatest stack depth: 14856 bytes left
[    3.915507] usb 1-1: new full-speed USB device number 2 using ohci-pci
[    3.921498] Loaded X.509 cert 'sforshee: 00b28ddf47aef9cea7'
[    3.921507] ALSA device list:
[    3.921508]   No soundcards found.
[    3.921531] platform regulatory.0: Direct firmware load for regulatory.db failed with error -2
[    3.921533] cfg80211: failed to load regulatory.db
[    4.048855] input: ImExPS/2 Generic Explorer Mouse as /devices/platform/i8042/serio1/input/input5
[    4.058847] md: Waiting for all devices to be available before autodetect
[    4.062375] md: If you don't use raid, use raid=noautodetect
[    4.065364] md: Autodetecting RAID arrays.
[    4.067540] md: autorun ...
[    4.069415] md: ... autorun DONE.
[    4.083523] EXT4-fs (sda2): INFO: recovery required on readonly filesystem
[    4.086938] EXT4-fs (sda2): write access will be enabled during recovery
[    4.358927] usb 1-1: New USB device found, idVendor=80ee, idProduct=0021, bcdDevice= 1.00
[    4.363030] usb 1-1: New USB device strings: Mfr=1, Product=3, SerialNumber=0
[    4.366293] usb 1-1: Product: USB Tablet
[    4.368376] usb 1-1: Manufacturer: VirtualBox
[    4.417825] input: VirtualBox USB Tablet as /devices/pci0000:00/0000:00:06.0/usb1/1-1/1-1:1.0/0003:80EE:0021.0001/input/input6
[    4.473189] hid-generic 0003:80EE:0021.0001: input,hidraw0: USB HID v1.10 Mouse [VirtualBox USB Tablet] on usb-0000:00:06.0-1/input0
[    5.152727] EXT4-fs (sda2): recovery complete
[    5.159585] EXT4-fs (sda2): mounted filesystem 363558aa-83c5-4ef3-83ce-473b6ffa95d5 with ordered data mode. Quota mode: none.
[    5.164503] VFS: Mounted root (ext4 filesystem) readonly on device 8:2.
[    5.169296] devtmpfs: mounted
[    5.174184] Freeing unused kernel image (initmem) memory: 2572K
[    5.177058] Write protecting the kernel read-only data: 26624k
[    5.184980] Freeing unused kernel image (rodata/data gap) memory: 1928K
[    5.217535] x86/mm: Checked W+X mappings: passed, no W+X pages found.
[    5.220584] Run /sbin/init as init process
[    5.222720]   with arguments:
[    5.222721]     /sbin/init
[    5.222722]   with environment:
[    5.222722]     HOME=/
[    5.222723]     TERM=linux
[    5.222723]     BOOT_IMAGE=/bzImage
[    5.393847] stty (77) used greatest stack depth: 13592 bytes left
[    5.669852] mountpoint (102) used greatest stack depth: 13584 bytes left
[    5.858691] ip (135) used greatest stack depth: 13000 bytes left
[    6.040466] udevd[160]: starting version 3.2.11
[    6.134521] udevd[161]: starting eudev-3.2.11
[    6.317078] e1000 0000:00:03.0 enp0s3: renamed from eth0
[    9.598976] Adding 1048572k swap on /dev/sda5.  Priority:1 extents:1 across:1048572k
[    9.663623] EXT4-fs (sda2): re-mounted 363558aa-83c5-4ef3-83ce-473b6ffa95d5. Quota mode: none.
[    9.977420] EXT4-fs (sda2): re-mounted 363558aa-83c5-4ef3-83ce-473b6ffa95d5. Quota mode: none.
[   10.076088] EXT4-fs (sda6): mounted filesystem 98f58936-425a-4be3-81be-f897769d569c with ordered data mode. Quota mode: none.
[   11.116526] e1000: enp0s3 NIC Link is Up 1000 Mbps Full Duplex, Flow Control: RX
[   11.145657] IPv6: ADDRCONF(NETDEV_CHANGE): enp0s3: link becomes ready